// Jest Snapshot v1, https://goo.gl/fbAQLP

exports[`<ApplicationCard /> shows the correct snapshot tree for the <ApplicantCard> module 1`] = `
.css-0,
[data-css-0] {
  position: relative;
  min-width: 320px;
  height: 408px;
  border: 1px solid rgba(0, 0, 0, 0.2);
  box-shadow: 0 1px 3px 0 rgba(0, 0, 0, 0.2);
}

.css-1,
[data-css-1] {
  height: 4px;
  background-color: #4d4d4d;
}

.css-2,
[data-css-2] {
  display: -webkit-box;
  display: -moz-box;
  display: -ms-flexbox;
  display: -webkit-flex;
  display: flex;
  flex-direction: column;
  height: 160px;
  padding-right: 24px;
  padding-bottom: 16px;
  padding-left: 24px;
  background-color: #e5e5e5;
  -webkit-box-orient: vertical;
  -webkit-box-direction: normal;
  -webkit-flex-direction: column;
}

.css-3,
[data-css-3] {
  display: -webkit-box;
  display: -moz-box;
  display: -ms-flexbox;
  display: -webkit-flex;
  display: flex;
  flex-direction: column;
  font-size: 34px;
  font-weight: 200;
  color: #808080;
  margin-top: auto;
  -webkit-box-orient: vertical;
  -webkit-box-direction: normal;
  -webkit-flex-direction: column;
}

.css-4,
[data-css-4] {
  margin-top: 24px;
  padding-right: 24px;
  padding-left: 24px;
  color: #4d4d4d;
}

.css-5,
[data-css-5] {
  display: -webkit-box;
  display: -moz-box;
  display: -ms-flexbox;
  display: -webkit-flex;
  display: flex;
  flex-direction: column;
  margin-top: 8px;
  margin-bottom: 8px;
  color: currentColor;
  -webkit-box-orient: vertical;
  -webkit-box-direction: normal;
  -webkit-flex-direction: column;
}

.css-6,
[data-css-6] {
  font-size: 14px;
  font-weight: 600;
  text-transform: uppercase;
  color: currentColor;
}

.css-7,
[data-css-7] {
  display: -webkit-box;
  display: -moz-box;
  display: -ms-flexbox;
  display: -webkit-flex;
  display: flex;
  align-items: center;
  margin-left: 0;
  font-size: 16px;
  font-weight: 200;
  color: currentColor;
  -webkit-box-align: center;
  -webkit-align-items: center;
}

.css-8,
[data-css-8] {
  position: relative;
  z-index: 2;
  color: #35c5fc;
  text-decoration: none;
  transition: color 200ms;
  -webkit-transition: color 200ms;
  -moz-transition: color 200ms;
}

.css-9,
[data-css-9] {
  display: -webkit-box;
  display: -moz-box;
  display: -ms-flexbox;
  display: -webkit-flex;
  display: flex;
  flex-direction: column;
  margin-top: 24px;
  margin-bottom: 8px;
  -webkit-box-orient: vertical;
  -webkit-box-direction: normal;
  -webkit-flex-direction: column;
}

.css-10,
[data-css-10] {
  font-size: 14px;
  font-weight: 600;
  text-transform: uppercase;
  color: #999;
}

.css-11,
[data-css-11] {
  margin-top: 8px;
  margin-left: 0;
}

.css-12,
[data-css-12] {
  display: -webkit-box;
  display: -moz-box;
  display: -ms-flexbox;
  display: -webkit-flex;
  display: flex;
  align-items: center;
  margin-top: 8px;
  font-size: 14px;
  font-weight: 400;
  text-transform: uppercase;
  color: #4d4d4d;
  -webkit-box-align: center;
  -webkit-align-items: center;
}

.css-13,
[data-css-13] {
  margin-right: 8px;
}

.css-14,
[data-css-14] {
  position: absolute;
  top: 0;
  right: 0;
  bottom: 0;
  left: 0;
  z-index: 1;
  background-color: rgba(0, 0, 0, 0);
}

<div
  className="css-0"
>
  <div
    className="css-1"
  />
  <header
    className="css-2"
  >
    <h2
      className="css-3"
    >
      <span>
        Kenny
         
      </span>
      <span>
        Bania
      </span>
    </h2>
  </header>
  <div
    className="css-4"
  >
    <dl
      className="css-5"
    >
      <dt
        className="css-6"
      >
        Email Address
      </dt>
      <dd
        className="css-7"
      >
        <a
          className="css-8"
          href="mailto:kenny.bania@example.com"
          rel="noopener noreferrer"
          target="_blank"
        >
          kenny.bania@example.com
        </a>
      </dd>
    </dl>
    <dl
      className="css-5"
    >
      <dt
        className="css-6"
      >
        Login
      </dt>
      <dd
        className="css-7"
      >
        <a
          className="css-8"
          href="https://github.com/kennyBania"
          rel="noopener noreferrer"
          target="_blank"
        >
          kennyBania
        </a>
      </dd>
    </dl>
    <dl
      className="css-9"
    >
      <dt
        className="css-10"
      >
        Application Status
      </dt>
      <dd
        className="css-11"
      >
        <span
          className="css-12"
        >
          <svg
            className="css-13"
            height={32}
            viewBox="0 0 24 24"
            width={32}
          >
            <g
              fill="currentColor"
            >
              <path
                d="M24,0 C24,0 23.4836048,9.80252996 16.4820958,15.2719707 L16.4128111,19.0346251 L11.4820194,24 L11.4746834,20.2882431 L9.63105705,18.6292449 C8.29671435,22.7691304 1.26439406,22.7691304 1.26439406,22.7691304 C1.26439406,22.7691304 1.26439406,16.3396736 5.58319762,14.4450082 L3.94220876,12.6079505 L-2.84217094e-14,12.6079505 L5.07440302,7.66843342 L8.7285621,7.58627726 C14.4472436,0.671411685 24,0 24,0 Z M16.425,10.1644246 C17.8333261,10.1644246 18.975,9.01830529 18.975,7.60449544 C18.975,6.19068562 17.8333261,5.0445663 16.425,5.0445663 C15.0166739,5.0445663 13.875,6.19068562 13.875,7.60449544 C13.875,9.01830529 15.0166739,10.1644246 16.425,10.1644246 Z"
              />
            </g>
          </svg>
          Pending
        </span>
      </dd>
    </dl>
  </div>
  <a
    className="css-14"
    href="/application/1"
    onClick={[Function]}
  />
</div>
`;
