// Jest Snapshot v1, https://goo.gl/fbAQLP

exports[`<Criterion /> shows the correct snapshot tree for the <Criterion> module 1`] = `
.css-0,
[data-css-0] {
  position: relative;
  min-height: 48px;
  font-size: 28px;
  font-weight: 200;
  color: #808080;
  border-bottom: 1px solid;
  outline: 0;
  cursor: pointer;
}

.css-0::-webkit-details-marker,
[data-css-0]::-webkit-details-marker {
  display: none;
}

.css-0:first-of-type,
[data-css-0]:first-of-type {
  list-style-type: none;
}

.css-0 > svg,
[data-css-0] > svg {
  position: absolute;
  top: 8px;
  right: 0;
}

.css-3,
[data-css-3] {
  display: -webkit-box;
  display: -moz-box;
  display: -ms-flexbox;
  display: -webkit-flex;
  display: flex;
  justify-content: space-between;
  padding-right: 48px;
  -webkit-box-pack: justify;
  -webkit-justify-content: space-between;
}

.css-3 > span + span,
[data-css-3] > span + span {
  color: #35c5fc;
}

.css-4,
[data-css-4] {
  position: relative;
  padding-top: 44px;
  padding-bottom: 48px;
}

.css-5,
[data-css-5] {
  width: 256px;
}

.css-6,
[data-css-6] {
  position: relative;
}

.css-7,
[data-css-7] {
  -webkit-appearance: button;
  -webkit-border-radius: 0;
  -webkit-box-shadow: none;
  -webkit-padding-end: 0;
  -webkit-padding-start: 0;
  -webkit-user-select: none;
  width: 100%;
  height: 48px;
  margin: 0;
  padding: 0 32px;
  overflow: hidden;
  font-size: 14px;
  font-family: inherit;
  text-transform: uppercase;
  color: #fff;
  background-color: #4d4d4d;
  background-image: none;
  background-position: initial;
  background-repeat: no-repeat;
  border-radius: 0;
  border: 0;
  text-overflow: ellipsis;
  white-space: nowrap;
}

.css-7:focus,
[data-css-7]:focus {
  border-color: #999;
  outline: 0;
}

.css-9,
[data-css-9] {
  position: absolute;
  top: calc(50% - 8px);
  right: 32px;
  color: #fff;
  pointer-events: none;
}

.css-10,
[data-css-10] {
  list-style: none;
  max-width: calc(100% - 256px);
  margin: 0;
  padding: 0 32px 38px 0;
  color: #4d4d4d;
}

.css-11,
[data-css-11] {
  font-size: 16px;
  margin: 0;
  margin-bottom: 24px;
  padding: 0;
}

.css-12,
[data-css-12] {
  display: -webkit-box;
  display: -moz-box;
  display: -ms-flexbox;
  display: -webkit-flex;
  display: flex;
  justify-content: space-between;
  align-items: flex-start;
  min-height: 160px;
  margin: 0;
  margin-top: 14px;
  padding-top: 32px;
  padding-right: 48px;
  padding-bottom: 42px;
  padding-left: 48px;
  color: #4d4d4d;
  background-color: #e5e5e5;
  -webkit-box-pack: justify;
  -webkit-justify-content: space-between;
  -webkit-box-align: start;
  -webkit-align-items: flex-start;
}

.css-13,
[data-css-13] {
  padding-right: 32px;
}

.css-14,
[data-css-14] {
  margin-bottom: 14px;
  font-size: 28px;
  font-weight: 200;
}

.css-15,
[data-css-15] {
  margin-left: 0;
}

@media (min-width: 48em) {
  .css-5,
  [data-css-5] {
    position: absolute;
    right: 0;
  }
}

<details
  className="css-nil"
  open={undefined}
>
  <summary
    className="css-0"
  >
    <div
      className="css-3"
    >
      <span>
        Problem Solving
      </span>
      <span>
        
      </span>
    </div>
    <svg
      className="css-nil"
      height={28}
      viewBox="0 0 28 28"
      width={28}
    >
      <g
        fill="none"
        fillRule="evenodd"
        stroke="currentColor"
        strokeLinecap="round"
        strokeLinejoin="round"
      >
        <polyline
          points="27.155 0 14.224 12.931 0 0"
        />
        <g
          transform="translate(13.577500, 19.465500) scale(1, -1) translate(-13.577500, -19.465500)"
        >
          <polyline
            points="27.155 13 14.224 25.931 0 13"
          />
        </g>
      </g>
    </svg>
  </summary>
  <div
    className="css-4"
  >
    <div
      className="css-5"
    >
      <label
        className="css-6"
        htmlFor="problemSolving"
      >
        <select
          aria-label="Score"
          className="css-7"
          id="problemSolving"
          name="problemSolving"
          onChange={[Function]}
          value={undefined}
        >
          <option
            value={null}
          >
            Score
          </option>
          <option
            value={0}
          >
            0 - Bad
          </option>
          <option
            value={1}
          >
            1 - Meh
          </option>
          <option
            value={2}
          >
            2 - Good
          </option>
          <option
            value={3}
          >
            3 - Excellent
          </option>
        </select>
        <div
          className="css-9"
        >
          <svg
            className="css-nil"
            height={12}
            viewBox="0 0 21 12"
            width={21}
          >
            <g
              fill="none"
              fillRule="evenodd"
              stroke="currentColor"
              strokeLinecap="round"
              strokeLinejoin="round"
              strokeWidth="2"
            >
              <polyline
                points="19.182 1.067 10.611 10.067 1.182 1.067"
              />
            </g>
          </svg>
        </div>
      </label>
    </div>
    <ol
      className="css-10"
    >
      <li
        className="css-11"
      >
        Problem Solving Question 1
      </li>
      <li
        className="css-11"
      >
        Problem Solving Question 2
      </li>
      <li
        className="css-11"
      >
        Problem Solving Question 3
      </li>
    </ol>
    <dl
      className="css-12"
    >
      <div
        className="css-13"
      >
        <dt
          className="css-14"
        >
          2
        </dt>
        <dd
          className="css-15"
        >
          Problem Solving Option 3
        </dd>
      </div>
      <div
        className="css-13"
      >
        <dt
          className="css-14"
        >
          1
        </dt>
        <dd
          className="css-15"
        >
          Problem Solving Option 2
        </dd>
      </div>
      <div
        className="css-13"
      >
        <dt
          className="css-14"
        >
          0
        </dt>
        <dd
          className="css-15"
        >
          Problem Solving Option 1
        </dd>
      </div>
    </dl>
  </div>
</details>
`;
