// Jest Snapshot v1, https://goo.gl/fbAQLP

exports[`<HitLink /> shows the correct snapshot tree for the <HitLink> element 1`] = `
.css-0,
[data-css-0] {
  position: absolute;
  top: 0;
  right: 0;
  bottom: 0;
  left: 0;
  z-index: 1;
  background-color: rgba(0, 0, 0, 0);
}

<a
  className="css-0"
  href="/hello"
  onClick={[Function]}
>
  The HitLink
</a>
`;
