// Jest Snapshot v1, https://goo.gl/fbAQLP

exports[`<Select /> shows the correct snapshot tree for the <Select> element 1`] = `
.css-0,
[data-css-0] {
  position: relative;
}

.css-1,
[data-css-1] {
  -webkit-appearance: button;
  -webkit-border-radius: 0;
  -webkit-box-shadow: none;
  -webkit-padding-end: 0;
  -webkit-padding-start: 0;
  -webkit-user-select: none;
  width: 100%;
  height: 48px;
  margin: 0;
  padding: 0 32px;
  overflow: hidden;
  font-size: 14px;
  font-family: inherit;
  text-transform: uppercase;
  color: #fff;
  background-color: #4d4d4d;
  background-image: none;
  background-position: initial;
  background-repeat: no-repeat;
  border-radius: 0;
  border: 0;
  text-overflow: ellipsis;
  white-space: nowrap;
}

.css-1:focus,
[data-css-1]:focus {
  border-color: #999;
  outline: 0;
}

.css-3,
[data-css-3] {
  position: absolute;
  top: calc(50% - 8px);
  right: 32px;
  color: #fff;
  pointer-events: none;
}

<label
  className="css-0"
  htmlFor="select-name"
>
  <select
    aria-label="Score"
    className="css-1"
    id="select-name"
    name="select-name"
    onChange={[Function]}
    value={null}
  >
    <option
      value={null}
    >
      Score
    </option>
    <option
      value={0}
    >
      0 - Bad
    </option>
    <option
      value={1}
    >
      1 - Meh
    </option>
    <option
      value={2}
    >
      2 - Good
    </option>
    <option
      value={3}
    >
      3 - Excellent
    </option>
  </select>
  <div
    className="css-3"
  >
    <svg
      className="css-nil"
      height={12}
      viewBox="0 0 21 12"
      width={21}
    >
      <g
        fill="none"
        fillRule="evenodd"
        stroke="currentColor"
        strokeLinecap="round"
        strokeLinejoin="round"
        strokeWidth="2"
      >
        <polyline
          points="19.182 1.067 10.611 10.067 1.182 1.067"
        />
      </g>
    </svg>
  </div>
</label>
`;
