// Jest Snapshot v1, https://goo.gl/fbAQLP

exports[`<Dialog /> shows the correct snapshot tree for the <Dialog> block 1`] = `
.css-0,
[data-css-0] {
  display: -webkit-box;
  display: -moz-box;
  display: -ms-flexbox;
  display: -webkit-flex;
  display: flex;
  flex-direction: column;
  align-items: center;
  padding-top: 112px;
  -webkit-box-orient: vertical;
  -webkit-box-direction: normal;
  -webkit-flex-direction: column;
  -webkit-box-align: center;
  -webkit-align-items: center;
}

.css-1,
[data-css-1] {
  display: -webkit-box;
  display: -moz-box;
  display: -ms-flexbox;
  display: -webkit-flex;
  display: flex;
  flex-direction: column;
  font-size: 34px;
  font-weight: 200;
  color: #808080;
  -webkit-box-orient: vertical;
  -webkit-box-direction: normal;
  -webkit-flex-direction: column;
}

.css-2,
[data-css-2] {
  width: 100%;
  margin-top: 16px;
  margin-bottom: 32px;
  font-size: 14px;
  color: #808080;
}

.css-3,
[data-css-3] {
  display: grid;
  grid-template-columns: 1fr;
  grid-gap: 16px;
  -ms-grid-template-columns: 1fr;
  -ms-grid-gap: 16px;
}

.css-4,
[data-css-4] {
  text-align: left;
  min-width: 240px;
  height: 48px;
  padding-left: 32px;
  padding-right: 32px;
  font-size: 14px;
  text-transform: uppercase;
  color: #fff;
  background-color: #999;
}

.css-5,
[data-css-5] {
  text-align: left;
  min-width: 240px;
  height: 48px;
  padding-left: 32px;
  padding-right: 32px;
  font-size: 14px;
  text-transform: uppercase;
  color: #fff;
  background-color: #4d4d4d;
}

@media (min-width: 31em) {
  .css-0,
  [data-css-0] {
    width: 496px;
  }
}

@media (min-width: 31em) {
  .css-2,
  [data-css-2] {
    margin-bottom: 64px;
  }
}

@media (min-width: 31em) {
  .css-3,
  [data-css-3] {
    grid-template-columns: 1fr 1fr;
    -ms-grid-template-columns: 1fr 1fr;
  }
}

<div
  className="css-0"
>
  <h2
    className="css-1"
  >
    Title
  </h2>
  <div
    className="css-2"
  >
    Dialog Children
  </div>
  <div
    className="css-3"
  >
    <button
      className="css-4"
      onClick={[Function]}
      role="button"
    >
      Cancel Label
    </button>
    <button
      className="css-5"
      onClick={[Function]}
      role="button"
    >
      Confirm Label
    </button>
  </div>
</div>
`;
