// Jest Snapshot v1, https://goo.gl/fbAQLP

exports[`<PageTitle /> shows the correct snapshot tree for the <PageTitle> block 1`] = `
.css-0,
[data-css-0] {
  position: relative;
  max-width: 960px;
  margin-right: auto;
  margin-left: auto;
  padding-right: 16px;
  padding-left: 16px;
  margin-bottom: 128px;
}

.css-1,
[data-css-1] {
  font-size: 48px;
  font-weight: 200;
  color: #808080;
}

<section
  className="css-0"
>
  <h1
    className="css-1"
  >
    The Page Title
  </h1>
</section>
`;
